mode: atomic
github.com/alfin-efendy/helper-go/app/app.go:11.39,23.16 6 0
github.com/alfin-efendy/helper-go/app/app.go:23.16,24.55 1 0
github.com/alfin-efendy/helper-go/app/app.go:26.2,26.15 1 0
github.com/alfin-efendy/helper-go/app/app.go:26.15,27.40 1 0
github.com/alfin-efendy/helper-go/app/app.go:27.40,28.51 1 0
github.com/alfin-efendy/helper-go/app/app.go:32.2,35.12 3 0
github.com/alfin-efendy/helper-go/config/config.go:16.13,21.51 4 2
github.com/alfin-efendy/helper-go/config/config.go:21.51,24.3 2 0
github.com/alfin-efendy/helper-go/config/config.go:27.60,36.16 6 19
github.com/alfin-efendy/helper-go/config/config.go:36.16,38.3 1 3
github.com/alfin-efendy/helper-go/config/config.go:40.2,40.42 1 16
github.com/alfin-efendy/helper-go/config/config.go:40.42,42.70 2 71
github.com/alfin-efendy/helper-go/config/config.go:42.70,44.4 1 5
github.com/alfin-efendy/helper-go/config/config.go:47.2,48.16 2 16
github.com/alfin-efendy/helper-go/config/config.go:48.16,50.3 1 0
github.com/alfin-efendy/helper-go/config/config.go:52.2,52.17 1 16
github.com/alfin-efendy/helper-go/config/config.go:52.17,55.3 2 0
github.com/alfin-efendy/helper-go/config/config.go:57.2,57.12 1 16
github.com/alfin-efendy/helper-go/otel/otel.go:43.45,45.3 1 0
github.com/alfin-efendy/helper-go/otel/otel.go:64.101,71.38 2 0
github.com/alfin-efendy/helper-go/otel/otel.go:71.38,73.3 1 0
github.com/alfin-efendy/helper-go/otel/otel.go:75.2,75.16 1 0
github.com/alfin-efendy/helper-go/otel/otel.go:79.47,80.16 1 0
github.com/alfin-efendy/helper-go/otel/otel.go:80.16,82.3 1 0
github.com/alfin-efendy/helper-go/otel/otel.go:84.2,84.39 1 0
github.com/alfin-efendy/helper-go/otel/otel.go:84.39,85.29 1 0
github.com/alfin-efendy/helper-go/otel/otel.go:85.29,87.4 1 0
github.com/alfin-efendy/helper-go/otel/otel.go:89.3,89.28 1 0
github.com/alfin-efendy/helper-go/otel/otel.go:89.28,91.4 1 0
github.com/alfin-efendy/helper-go/otel/otel.go:94.2,94.24 1 0
github.com/alfin-efendy/helper-go/otel/otel.go:94.24,96.3 1 0
github.com/alfin-efendy/helper-go/otel/otel.go:98.2,98.12 1 0
github.com/alfin-efendy/helper-go/otel/otel.go:101.13,106.48 3 0
github.com/alfin-efendy/helper-go/otel/otel.go:106.48,109.3 2 0
github.com/alfin-efendy/helper-go/otel/otel.go:112.2,112.49 1 0
github.com/alfin-efendy/helper-go/otel/otel.go:112.49,115.3 2 0
github.com/alfin-efendy/helper-go/otel/otel.go:118.2,136.16 4 0
github.com/alfin-efendy/helper-go/otel/otel.go:136.16,139.3 2 0
github.com/alfin-efendy/helper-go/otel/otel.go:142.2,143.16 2 0
github.com/alfin-efendy/helper-go/otel/otel.go:143.16,146.3 2 0
github.com/alfin-efendy/helper-go/otel/otel.go:149.2,152.72 2 0
github.com/alfin-efendy/helper-go/otel/otel.go:152.72,154.3 1 0
github.com/alfin-efendy/helper-go/otel/otel.go:156.2,156.45 1 0
github.com/alfin-efendy/helper-go/otel/otel.go:156.45,158.38 2 0
github.com/alfin-efendy/helper-go/otel/otel.go:158.38,159.44 1 0
github.com/alfin-efendy/helper-go/otel/otel.go:159.44,161.5 1 0
github.com/alfin-efendy/helper-go/otel/otel.go:163.3,164.30 2 0
github.com/alfin-efendy/helper-go/otel/otel.go:167.2,167.24 1 0
github.com/alfin-efendy/helper-go/otel/otel.go:167.24,170.17 2 0
github.com/alfin-efendy/helper-go/otel/otel.go:170.17,173.4 2 0
github.com/alfin-efendy/helper-go/otel/otel.go:176.3,176.73 1 0
github.com/alfin-efendy/helper-go/otel/otel.go:176.73,178.4 1 0
github.com/alfin-efendy/helper-go/otel/otel.go:181.2,181.25 1 0
github.com/alfin-efendy/helper-go/otel/otel.go:181.25,184.17 2 0
github.com/alfin-efendy/helper-go/otel/otel.go:184.17,187.4 2 0
github.com/alfin-efendy/helper-go/otel/otel.go:190.3,190.73 1 0
github.com/alfin-efendy/helper-go/otel/otel.go:190.73,192.4 1 0
github.com/alfin-efendy/helper-go/otel/otel.go:196.2,203.49 4 0
github.com/alfin-efendy/helper-go/otel/otel.go:206.61,207.19 1 0
github.com/alfin-efendy/helper-go/otel/otel.go:207.19,209.3 1 0
github.com/alfin-efendy/helper-go/otel/otel.go:211.2,215.16 2 0
github.com/alfin-efendy/helper-go/otel/otel.go:215.16,217.3 1 0
github.com/alfin-efendy/helper-go/otel/otel.go:219.2,219.18 1 0
github.com/alfin-efendy/helper-go/otel/otel.go:222.127,230.16 3 0
github.com/alfin-efendy/helper-go/otel/otel.go:230.16,232.3 1 0
github.com/alfin-efendy/helper-go/otel/otel.go:234.2,242.28 3 0
github.com/alfin-efendy/helper-go/otel/otel.go:245.127,253.16 3 0
github.com/alfin-efendy/helper-go/otel/otel.go:253.16,255.3 1 0
github.com/alfin-efendy/helper-go/otel/otel.go:258.2,259.22 2 0
github.com/alfin-efendy/helper-go/otel/otel.go:259.22,261.3 1 0
github.com/alfin-efendy/helper-go/otel/otel.go:263.2,274.27 3 0
github.com/alfin-efendy/helper-go/otel/otel.go:277.130,286.2 5 0
github.com/alfin-efendy/helper-go/otel/otel.go:288.96,292.8 3 0
github.com/alfin-efendy/helper-go/otel/otel.go:292.8,303.3 4 0
github.com/alfin-efendy/helper-go/otel/otel.go:305.2,305.47 1 0
github.com/alfin-efendy/helper-go/otel/otel.go:308.59,310.2 1 0
github.com/alfin-efendy/helper-go/otel/otel.go:313.70,315.2 1 0
github.com/alfin-efendy/helper-go/otel/otel.go:318.75,320.2 1 0
github.com/alfin-efendy/helper-go/otel/otel.go:323.63,325.2 1 0
github.com/alfin-efendy/helper-go/otel/otel.go:328.55,329.60 1 0
github.com/alfin-efendy/helper-go/otel/otel.go:329.60,331.3 1 0
github.com/alfin-efendy/helper-go/otel/otel.go:332.2,332.11 1 0
github.com/alfin-efendy/helper-go/otel/otel.go:335.92,337.16 2 0
github.com/alfin-efendy/helper-go/otel/otel.go:337.16,339.3 1 0
github.com/alfin-efendy/helper-go/otel/otel.go:341.2,342.12 2 0
github.com/alfin-efendy/helper-go/otel/otel.go:345.77,347.2 1 0
github.com/alfin-efendy/helper-go/otel/otel.go:349.108,350.62 1 0
github.com/alfin-efendy/helper-go/otel/otel.go:350.62,351.64 1 0
github.com/alfin-efendy/helper-go/otel/otel.go:351.64,353.4 1 0
github.com/alfin-efendy/helper-go/otel/otel.go:357.91,359.2 1 0
github.com/alfin-efendy/helper-go/util/file.go:9.70,12.15 2 29
github.com/alfin-efendy/helper-go/util/file.go:12.15,15.3 2 4
github.com/alfin-efendy/helper-go/util/file.go:18.2,22.21 3 25
github.com/alfin-efendy/helper-go/util/file.go:22.21,25.3 2 4
github.com/alfin-efendy/helper-go/util/file.go:27.2,27.8 1 21
github.com/alfin-efendy/helper-go/util/file.go:30.66,33.22 2 23
github.com/alfin-efendy/helper-go/util/file.go:33.22,35.3 1 12
github.com/alfin-efendy/helper-go/util/file.go:38.2,38.50 1 23
github.com/alfin-efendy/helper-go/util/file.go:38.50,40.3 1 0
github.com/alfin-efendy/helper-go/util/file.go:42.2,42.8 1 23
github.com/alfin-efendy/helper-go/util/file.go:45.60,48.20 2 24
github.com/alfin-efendy/helper-go/util/file.go:48.20,51.3 2 0
github.com/alfin-efendy/helper-go/util/file.go:54.2,54.45 1 24
github.com/alfin-efendy/helper-go/util/file.go:54.45,56.3 1 0
github.com/alfin-efendy/helper-go/util/file.go:58.2,58.8 1 24
github.com/alfin-efendy/helper-go/util/function.go:7.45,16.11 5 1023
github.com/alfin-efendy/helper-go/util/function.go:16.11,18.89 2 1023
github.com/alfin-efendy/helper-go/util/function.go:18.89,21.38 3 3082
github.com/alfin-efendy/helper-go/util/function.go:21.38,23.5 1 1020
github.com/alfin-efendy/helper-go/util/function.go:27.2,27.14 1 1023
github.com/alfin-efendy/helper-go/server/http/adapter.go:9.46,10.54 1 45
github.com/alfin-efendy/helper-go/server/http/adapter.go:10.54,15.3 4 36
github.com/alfin-efendy/helper-go/server/http/ctx.go:29.45,30.71 1 28
github.com/alfin-efendy/helper-go/server/http/ctx.go:30.71,37.3 2 38
github.com/alfin-efendy/helper-go/server/http/ctx.go:40.35,42.2 1 112
github.com/alfin-efendy/helper-go/server/http/ctx.go:44.41,47.9 2 11
github.com/alfin-efendy/helper-go/server/http/ctx.go:48.57,49.23 1 9
github.com/alfin-efendy/helper-go/server/http/ctx.go:50.74,51.23 1 1
github.com/alfin-efendy/helper-go/server/http/ctx.go:52.60,53.23 1 0
github.com/alfin-efendy/helper-go/server/http/ctx.go:54.10,56.23 1 1
github.com/alfin-efendy/helper-go/server/http/ctx.go:61.45,63.44 1 20
github.com/alfin-efendy/helper-go/server/http/ctx.go:63.44,65.3 1 3
github.com/alfin-efendy/helper-go/server/http/ctx.go:67.2,67.66 1 17
github.com/alfin-efendy/helper-go/server/http/ctx.go:67.66,69.3 1 3
github.com/alfin-efendy/helper-go/server/http/ctx.go:70.2,70.27 1 14
github.com/alfin-efendy/helper-go/server/http/ctx.go:74.45,76.44 1 7
github.com/alfin-efendy/helper-go/server/http/ctx.go:76.44,78.3 1 0
github.com/alfin-efendy/helper-go/server/http/ctx.go:80.2,80.46 1 7
github.com/alfin-efendy/helper-go/server/http/ctx.go:80.46,82.3 1 0
github.com/alfin-efendy/helper-go/server/http/ctx.go:84.2,84.58 1 7
github.com/alfin-efendy/helper-go/server/http/ctx.go:84.58,86.3 1 0
github.com/alfin-efendy/helper-go/server/http/ctx.go:88.2,88.27 1 7
github.com/alfin-efendy/helper-go/server/http/ctx.go:92.46,95.55 2 6
github.com/alfin-efendy/helper-go/server/http/ctx.go:95.55,97.3 1 0
github.com/alfin-efendy/helper-go/server/http/ctx.go:99.2,99.27 1 6
github.com/alfin-efendy/helper-go/server/http/ctx.go:103.39,105.44 1 31
github.com/alfin-efendy/helper-go/server/http/ctx.go:105.44,107.3 1 2
github.com/alfin-efendy/helper-go/server/http/ctx.go:110.2,110.63 1 29
github.com/alfin-efendy/helper-go/server/http/ctx.go:110.63,112.42 1 6
github.com/alfin-efendy/helper-go/server/http/ctx.go:112.42,114.4 1 2
github.com/alfin-efendy/helper-go/server/http/ctx.go:119.2,119.101 1 27
github.com/alfin-efendy/helper-go/server/http/ctx.go:119.101,121.3 1 2
github.com/alfin-efendy/helper-go/server/http/ctx.go:123.2,123.12 1 25
github.com/alfin-efendy/helper-go/server/http/ctx.go:127.68,129.68 2 13
github.com/alfin-efendy/helper-go/server/http/ctx.go:129.68,131.3 1 0
github.com/alfin-efendy/helper-go/server/http/ctx.go:133.2,136.37 3 13
github.com/alfin-efendy/helper-go/server/http/ctx.go:136.37,141.22 3 50
github.com/alfin-efendy/helper-go/server/http/ctx.go:141.22,142.12 1 0
github.com/alfin-efendy/helper-go/server/http/ctx.go:146.3,147.16 2 50
github.com/alfin-efendy/helper-go/server/http/ctx.go:147.16,149.4 1 0
github.com/alfin-efendy/helper-go/server/http/ctx.go:150.3,150.16 1 50
github.com/alfin-efendy/helper-go/server/http/ctx.go:150.16,152.4 1 0
github.com/alfin-efendy/helper-go/server/http/ctx.go:155.3,155.48 1 50
github.com/alfin-efendy/helper-go/server/http/ctx.go:155.48,157.4 1 0
github.com/alfin-efendy/helper-go/server/http/ctx.go:160.3,161.18 2 50
github.com/alfin-efendy/helper-go/server/http/ctx.go:161.18,162.12 1 12
github.com/alfin-efendy/helper-go/server/http/ctx.go:166.3,166.55 1 38
github.com/alfin-efendy/helper-go/server/http/ctx.go:166.55,168.4 1 0
github.com/alfin-efendy/helper-go/server/http/ctx.go:171.2,171.12 1 13
github.com/alfin-efendy/helper-go/server/http/ctx.go:175.70,176.22 1 38
github.com/alfin-efendy/helper-go/server/http/ctx.go:177.22,178.25 1 16
github.com/alfin-efendy/helper-go/server/http/ctx.go:179.78,181.17 2 17
github.com/alfin-efendy/helper-go/server/http/ctx.go:181.17,183.4 1 0
github.com/alfin-efendy/helper-go/server/http/ctx.go:184.3,184.23 1 17
github.com/alfin-efendy/helper-go/server/http/ctx.go:185.83,187.17 2 0
github.com/alfin-efendy/helper-go/server/http/ctx.go:187.17,189.4 1 0
github.com/alfin-efendy/helper-go/server/http/ctx.go:190.3,190.25 1 0
github.com/alfin-efendy/helper-go/server/http/ctx.go:191.40,193.17 2 0
github.com/alfin-efendy/helper-go/server/http/ctx.go:193.17,195.4 1 0
github.com/alfin-efendy/helper-go/server/http/ctx.go:196.3,196.27 1 0
github.com/alfin-efendy/helper-go/server/http/ctx.go:197.20,199.17 2 5
github.com/alfin-efendy/helper-go/server/http/ctx.go:199.17,201.4 1 0
github.com/alfin-efendy/helper-go/server/http/ctx.go:202.3,202.25 1 5
github.com/alfin-efendy/helper-go/server/http/ctx.go:203.10,204.64 1 0
github.com/alfin-efendy/helper-go/server/http/ctx.go:207.2,207.12 1 38
github.com/alfin-efendy/helper-go/server/http/ctx.go:211.35,212.16 1 15
github.com/alfin-efendy/helper-go/server/http/ctx.go:212.16,214.3 1 14
github.com/alfin-efendy/helper-go/server/http/ctx.go:218.41,220.2 1 10
github.com/alfin-efendy/helper-go/server/http/ctx.go:223.42,225.2 1 2
github.com/alfin-efendy/helper-go/server/http/ctx.go:228.49,232.16 4 38
github.com/alfin-efendy/helper-go/server/http/ctx.go:232.16,234.3 1 0
github.com/alfin-efendy/helper-go/server/http/ctx.go:235.2,235.18 1 38
github.com/alfin-efendy/helper-go/server/http/ctx.go:239.32,241.2 1 39
github.com/alfin-efendy/helper-go/server/http/health_check.go:27.26,41.59 5 13
github.com/alfin-efendy/helper-go/server/http/health_check.go:41.59,42.33 1 12
github.com/alfin-efendy/helper-go/server/http/health_check.go:42.33,46.4 3 12
github.com/alfin-efendy/helper-go/server/http/health_check.go:46.9,51.60 3 0
github.com/alfin-efendy/helper-go/server/http/health_check.go:51.60,55.5 3 0
github.com/alfin-efendy/helper-go/server/http/health_check.go:57.3,57.44 1 12
github.com/alfin-efendy/helper-go/server/http/health_check.go:58.8,62.3 3 1
github.com/alfin-efendy/helper-go/server/http/health_check.go:65.2,66.61 2 13
github.com/alfin-efendy/helper-go/server/http/health_check.go:66.61,70.43 3 12
github.com/alfin-efendy/helper-go/server/http/health_check.go:70.43,74.4 3 12
github.com/alfin-efendy/helper-go/server/http/health_check.go:75.3,75.43 1 12
github.com/alfin-efendy/helper-go/server/http/health_check.go:76.8,80.3 3 1
github.com/alfin-efendy/helper-go/server/http/health_check.go:83.2,83.21 1 13
github.com/alfin-efendy/helper-go/server/http/health_check.go:83.21,86.3 2 12
github.com/alfin-efendy/helper-go/server/http/health_check.go:86.8,88.3 1 1
github.com/alfin-efendy/helper-go/server/http/health_check.go:91.2,91.19 1 13
github.com/alfin-efendy/helper-go/server/http/middleware.go:17.56,18.71 1 40
github.com/alfin-efendy/helper-go/server/http/middleware.go:18.71,24.43 4 35
github.com/alfin-efendy/helper-go/server/http/middleware.go:24.43,27.18 2 13
github.com/alfin-efendy/helper-go/server/http/middleware.go:27.18,30.31 2 13
github.com/alfin-efendy/helper-go/server/http/middleware.go:30.31,32.6 1 12
github.com/alfin-efendy/helper-go/server/http/middleware.go:32.11,34.6 1 1
github.com/alfin-efendy/helper-go/server/http/middleware.go:36.5,36.54 1 13
github.com/alfin-efendy/helper-go/server/http/middleware.go:41.3,56.42 5 35
github.com/alfin-efendy/helper-go/server/http/middleware.go:56.42,58.34 2 34
github.com/alfin-efendy/helper-go/server/http/middleware.go:58.34,60.5 1 33
github.com/alfin-efendy/helper-go/server/http/middleware.go:60.10,62.5 1 1
github.com/alfin-efendy/helper-go/server/http/middleware.go:66.3,79.24 2 35
github.com/alfin-efendy/helper-go/server/http/middleware.go:79.24,81.38 2 21
github.com/alfin-efendy/helper-go/server/http/middleware.go:81.38,87.57 1 51
github.com/alfin-efendy/helper-go/server/http/middleware.go:87.57,89.6 1 9
github.com/alfin-efendy/helper-go/server/http/middleware.go:89.11,89.32 1 42
github.com/alfin-efendy/helper-go/server/http/middleware.go:89.32,91.6 1 42
github.com/alfin-efendy/helper-go/server/http/middleware.go:91.11,93.6 1 0
github.com/alfin-efendy/helper-go/server/http/middleware.go:95.4,95.68 1 21
github.com/alfin-efendy/helper-go/server/http/middleware.go:99.3,100.39 2 35
github.com/alfin-efendy/helper-go/server/http/middleware.go:100.39,103.53 1 39
github.com/alfin-efendy/helper-go/server/http/middleware.go:103.53,105.5 1 4
github.com/alfin-efendy/helper-go/server/http/middleware.go:105.10,105.31 1 35
github.com/alfin-efendy/helper-go/server/http/middleware.go:105.31,107.5 1 35
github.com/alfin-efendy/helper-go/server/http/middleware.go:107.10,109.5 1 0
github.com/alfin-efendy/helper-go/server/http/middleware.go:111.3,111.31 1 35
github.com/alfin-efendy/helper-go/server/http/middleware.go:111.31,113.4 1 25
github.com/alfin-efendy/helper-go/server/http/middleware.go:116.3,116.22 1 35
github.com/alfin-efendy/helper-go/server/http/middleware.go:116.22,123.72 3 13
github.com/alfin-efendy/helper-go/server/http/middleware.go:123.72,125.5 1 11
github.com/alfin-efendy/helper-go/server/http/middleware.go:125.10,127.5 1 2
github.com/alfin-efendy/helper-go/server/http/middleware.go:131.3,131.25 1 35
github.com/alfin-efendy/helper-go/server/http/middleware.go:131.25,137.31 2 34
github.com/alfin-efendy/helper-go/server/http/middleware.go:137.31,139.5 1 34
github.com/alfin-efendy/helper-go/server/http/middleware.go:139.10,141.5 1 0
github.com/alfin-efendy/helper-go/server/http/middleware.go:145.3,145.57 1 35
github.com/alfin-efendy/helper-go/server/http/middleware.go:157.49,160.2 2 50
github.com/alfin-efendy/helper-go/server/http/middleware.go:162.56,164.20 1 36
github.com/alfin-efendy/helper-go/server/http/middleware.go:164.20,166.3 1 36
github.com/alfin-efendy/helper-go/server/http/middleware.go:168.2,170.15 3 36
github.com/alfin-efendy/helper-go/server/http/middleware.go:174.56,175.71 1 23
github.com/alfin-efendy/helper-go/server/http/middleware.go:175.71,181.24 3 18
github.com/alfin-efendy/helper-go/server/http/middleware.go:181.24,183.4 1 2
github.com/alfin-efendy/helper-go/server/http/middleware.go:186.3,186.20 1 18
github.com/alfin-efendy/helper-go/server/http/middleware.go:186.20,188.4 1 2
github.com/alfin-efendy/helper-go/server/http/middleware.go:191.3,191.23 1 18
github.com/alfin-efendy/helper-go/server/http/middleware.go:196.62,197.71 1 28
github.com/alfin-efendy/helper-go/server/http/middleware.go:197.71,205.46 3 38
github.com/alfin-efendy/helper-go/server/http/middleware.go:205.46,210.41 3 13
github.com/alfin-efendy/helper-go/server/http/middleware.go:210.41,213.40 2 9
github.com/alfin-efendy/helper-go/server/http/middleware.go:213.40,217.21 3 12
github.com/alfin-efendy/helper-go/server/http/middleware.go:218.22,219.39 1 5
github.com/alfin-efendy/helper-go/server/http/middleware.go:220.19,221.46 1 2
github.com/alfin-efendy/helper-go/server/http/middleware.go:222.18,224.78 2 0
github.com/alfin-efendy/helper-go/server/http/middleware.go:225.14,226.40 1 5
github.com/alfin-efendy/helper-go/server/http/middleware.go:229.6,232.8 1 12
github.com/alfin-efendy/helper-go/server/http/middleware.go:235.5,241.11 3 9
github.com/alfin-efendy/helper-go/server/http/middleware.go:245.4,250.23 2 4
github.com/alfin-efendy/helper-go/server/http/middleware.go:251.28,254.11 3 1
github.com/alfin-efendy/helper-go/server/http/middleware.go:255.15,258.11 3 1
github.com/alfin-efendy/helper-go/server/http/middleware.go:261.4,261.54 1 2
github.com/alfin-efendy/helper-go/server/http/middleware.go:267.64,268.71 1 28
github.com/alfin-efendy/helper-go/server/http/middleware.go:268.71,275.47 3 38
github.com/alfin-efendy/helper-go/server/http/middleware.go:275.47,280.23 2 24
github.com/alfin-efendy/helper-go/server/http/middleware.go:280.23,282.5 1 22
github.com/alfin-efendy/helper-go/server/http/middleware.go:284.4,284.23 1 24
github.com/alfin-efendy/helper-go/server/http/middleware.go:284.23,286.5 1 1
github.com/alfin-efendy/helper-go/server/http/middleware.go:288.4,288.37 1 24
github.com/alfin-efendy/helper-go/server/http/middleware.go:294.57,296.2 1 28
github.com/alfin-efendy/helper-go/server/http/server.go:24.46,28.124 2 22
github.com/alfin-efendy/helper-go/server/http/server.go:28.124,36.3 3 34
github.com/alfin-efendy/helper-go/server/http/server.go:38.2,39.16 2 22
github.com/alfin-efendy/helper-go/server/http/server.go:39.16,41.3 1 0
github.com/alfin-efendy/helper-go/server/http/server.go:44.2,44.41 1 22
github.com/alfin-efendy/helper-go/server/http/server.go:44.41,45.39 1 14
github.com/alfin-efendy/helper-go/server/http/server.go:45.39,47.4 1 6
github.com/alfin-efendy/helper-go/server/http/server.go:48.3,48.41 1 8
github.com/alfin-efendy/helper-go/server/http/server.go:51.2,51.15 1 22
github.com/alfin-efendy/helper-go/server/http/server.go:55.51,58.22 2 20
github.com/alfin-efendy/helper-go/server/http/server.go:58.22,61.3 2 0
github.com/alfin-efendy/helper-go/server/http/server.go:63.2,72.31 4 20
github.com/alfin-efendy/helper-go/server/http/server.go:72.31,74.3 1 22
github.com/alfin-efendy/helper-go/server/http/server.go:77.2,77.42 1 20
github.com/alfin-efendy/helper-go/server/http/server.go:77.42,78.30 1 21
github.com/alfin-efendy/helper-go/server/http/server.go:78.30,80.4 1 22
github.com/alfin-efendy/helper-go/server/http/server.go:84.35,87.23 2 19
github.com/alfin-efendy/helper-go/server/http/server.go:87.23,89.3 1 3
github.com/alfin-efendy/helper-go/server/http/server.go:90.2,90.22 1 19
github.com/alfin-efendy/helper-go/server/http/server.go:90.22,92.3 1 3
github.com/alfin-efendy/helper-go/server/http/server.go:94.2,116.3 11 19
github.com/alfin-efendy/helper-go/logger/gorm.go:25.94,26.36 1 1
github.com/alfin-efendy/helper-go/logger/gorm.go:26.36,28.3 1 1
github.com/alfin-efendy/helper-go/logger/gorm.go:32.60,33.36 1 6
github.com/alfin-efendy/helper-go/logger/gorm.go:33.36,35.3 1 6
github.com/alfin-efendy/helper-go/logger/gorm.go:39.57,40.36 1 13
github.com/alfin-efendy/helper-go/logger/gorm.go:40.36,42.3 1 13
github.com/alfin-efendy/helper-go/logger/gorm.go:46.60,47.36 1 7
github.com/alfin-efendy/helper-go/logger/gorm.go:47.36,49.3 1 7
github.com/alfin-efendy/helper-go/logger/gorm.go:53.56,54.36 1 1
github.com/alfin-efendy/helper-go/logger/gorm.go:54.36,56.3 1 1
github.com/alfin-efendy/helper-go/logger/gorm.go:60.61,73.27 2 4
github.com/alfin-efendy/helper-go/logger/gorm.go:73.27,75.3 1 8
github.com/alfin-efendy/helper-go/logger/gorm.go:77.2,77.10 1 4
github.com/alfin-efendy/helper-go/logger/gorm.go:81.87,94.27 2 11
github.com/alfin-efendy/helper-go/logger/gorm.go:94.27,96.3 1 20
github.com/alfin-efendy/helper-go/logger/gorm.go:98.2,98.10 1 11
github.com/alfin-efendy/helper-go/logger/gorm.go:102.85,106.2 3 1
github.com/alfin-efendy/helper-go/logger/gorm.go:109.88,110.41 1 4
github.com/alfin-efendy/helper-go/logger/gorm.go:110.41,112.3 1 2
github.com/alfin-efendy/helper-go/logger/gorm.go:114.2,115.36 2 2
github.com/alfin-efendy/helper-go/logger/gorm.go:119.88,120.41 1 2
github.com/alfin-efendy/helper-go/logger/gorm.go:120.41,122.3 1 0
github.com/alfin-efendy/helper-go/logger/gorm.go:124.2,125.36 2 2
github.com/alfin-efendy/helper-go/logger/gorm.go:129.89,130.42 1 2
github.com/alfin-efendy/helper-go/logger/gorm.go:130.42,132.3 1 0
github.com/alfin-efendy/helper-go/logger/gorm.go:134.2,137.15 3 2
github.com/alfin-efendy/helper-go/logger/gorm.go:137.15,139.3 1 2
github.com/alfin-efendy/helper-go/logger/gorm.go:141.2,141.42 1 2
github.com/alfin-efendy/helper-go/logger/gorm.go:145.111,146.44 1 4
github.com/alfin-efendy/helper-go/logger/gorm.go:146.44,148.3 1 0
github.com/alfin-efendy/helper-go/logger/gorm.go:150.2,157.45 4 4
github.com/alfin-efendy/helper-go/logger/gorm.go:157.45,158.52 1 0
github.com/alfin-efendy/helper-go/logger/gorm.go:158.52,159.31 1 0
github.com/alfin-efendy/helper-go/logger/gorm.go:159.31,161.5 1 0
github.com/alfin-efendy/helper-go/logger/gorm.go:166.2,172.16 2 4
github.com/alfin-efendy/helper-go/logger/gorm.go:172.16,174.3 1 1
github.com/alfin-efendy/helper-go/logger/gorm.go:174.8,176.3 1 3
github.com/alfin-efendy/helper-go/logger/gorm.go:178.2,181.9 2 4
github.com/alfin-efendy/helper-go/logger/gorm.go:183.84,187.43 3 1
github.com/alfin-efendy/helper-go/logger/gorm.go:189.111,195.37 3 1
github.com/alfin-efendy/helper-go/logger/gorm.go:197.44,199.37 2 1
github.com/alfin-efendy/helper-go/logger/gorm.go:204.97,208.45 2 7
github.com/alfin-efendy/helper-go/logger/gorm.go:208.45,209.52 1 2
github.com/alfin-efendy/helper-go/logger/gorm.go:209.52,210.31 1 2
github.com/alfin-efendy/helper-go/logger/gorm.go:210.31,212.5 1 2
github.com/alfin-efendy/helper-go/logger/gorm.go:217.2,217.33 1 7
github.com/alfin-efendy/helper-go/logger/gorm.go:217.33,218.22 1 7
github.com/alfin-efendy/helper-go/logger/gorm.go:218.22,220.39 1 6
github.com/alfin-efendy/helper-go/logger/gorm.go:220.39,223.13 3 6
github.com/alfin-efendy/helper-go/logger/gorm.go:227.3,227.61 1 1
github.com/alfin-efendy/helper-go/logger/gorm.go:230.2,230.15 1 7
github.com/alfin-efendy/helper-go/logger/gorm.go:234.36,235.16 1 6
github.com/alfin-efendy/helper-go/logger/gorm.go:235.16,237.3 1 2
github.com/alfin-efendy/helper-go/logger/gorm.go:238.2,238.32 1 4
github.com/alfin-efendy/helper-go/logger/gorm.go:244.95,245.58 1 3
github.com/alfin-efendy/helper-go/logger/gorm.go:245.58,247.3 1 2
github.com/alfin-efendy/helper-go/logger/gorm.go:251.93,252.58 1 3
github.com/alfin-efendy/helper-go/logger/gorm.go:252.58,254.3 1 2
github.com/alfin-efendy/helper-go/logger/gorm.go:258.89,259.58 1 1
github.com/alfin-efendy/helper-go/logger/gorm.go:259.58,261.3 1 1
github.com/alfin-efendy/helper-go/logger/gorm.go:265.93,266.58 1 1
github.com/alfin-efendy/helper-go/logger/gorm.go:266.58,268.3 1 1
github.com/alfin-efendy/helper-go/logger/gorm.go:272.102,273.58 1 1
github.com/alfin-efendy/helper-go/logger/gorm.go:273.58,275.3 1 1
github.com/alfin-efendy/helper-go/logger/gorm.go:279.104,280.58 1 1
github.com/alfin-efendy/helper-go/logger/gorm.go:280.58,281.51 1 2
github.com/alfin-efendy/helper-go/logger/gorm.go:281.51,283.4 1 1
github.com/alfin-efendy/helper-go/logger/gorm.go:284.3,284.13 1 1
github.com/alfin-efendy/helper-go/logger/logger.go:38.41,39.16 1 10
github.com/alfin-efendy/helper-go/logger/logger.go:39.16,41.3 1 0
github.com/alfin-efendy/helper-go/logger/logger.go:44.2,47.39 2 10
github.com/alfin-efendy/helper-go/logger/logger.go:47.39,49.3 1 0
github.com/alfin-efendy/helper-go/logger/logger.go:53.2,53.31 1 10
github.com/alfin-efendy/helper-go/logger/logger.go:53.31,61.42 3 10
github.com/alfin-efendy/helper-go/logger/logger.go:61.42,62.44 1 20
github.com/alfin-efendy/helper-go/logger/logger.go:62.44,64.10 2 10
github.com/alfin-efendy/helper-go/logger/logger.go:67.3,67.15 1 10
github.com/alfin-efendy/helper-go/logger/logger.go:67.15,69.4 1 0
github.com/alfin-efendy/helper-go/logger/logger.go:72.2,72.12 1 10
github.com/alfin-efendy/helper-go/logger/logger.go:96.55,104.27 2 25
github.com/alfin-efendy/helper-go/logger/logger.go:104.27,105.32 1 34
github.com/alfin-efendy/helper-go/logger/logger.go:105.32,107.4 1 3
github.com/alfin-efendy/helper-go/logger/logger.go:110.2,110.15 1 22
github.com/alfin-efendy/helper-go/logger/logger.go:114.32,115.31 1 5
github.com/alfin-efendy/helper-go/logger/logger.go:115.31,117.17 2 5
github.com/alfin-efendy/helper-go/logger/logger.go:117.17,119.4 1 3
github.com/alfin-efendy/helper-go/logger/logger.go:121.3,127.8 1 2
github.com/alfin-efendy/helper-go/logger/logger.go:132.48,133.31 1 19
github.com/alfin-efendy/helper-go/logger/logger.go:133.31,135.22 1 19
github.com/alfin-efendy/helper-go/logger/logger.go:135.22,137.18 2 11
github.com/alfin-efendy/helper-go/logger/logger.go:137.18,139.5 1 0
github.com/alfin-efendy/helper-go/logger/logger.go:140.4,140.19 1 11
github.com/alfin-efendy/helper-go/logger/logger.go:144.3,154.25 4 19
github.com/alfin-efendy/helper-go/logger/logger.go:154.25,155.56 1 9
github.com/alfin-efendy/helper-go/logger/logger.go:155.56,157.5 1 0
github.com/alfin-efendy/helper-go/logger/logger.go:159.4,160.18 2 9
github.com/alfin-efendy/helper-go/logger/logger.go:160.18,162.5 1 0
github.com/alfin-efendy/helper-go/logger/logger.go:163.4,164.45 2 9
github.com/alfin-efendy/helper-go/logger/logger.go:168.3,173.24 3 19
github.com/alfin-efendy/helper-go/logger/logger.go:173.24,175.4 1 17
github.com/alfin-efendy/helper-go/logger/logger.go:177.3,177.23 1 19
github.com/alfin-efendy/helper-go/logger/logger.go:177.23,179.18 2 10
github.com/alfin-efendy/helper-go/logger/logger.go:179.18,181.5 1 5
github.com/alfin-efendy/helper-go/logger/logger.go:182.4,182.57 1 10
github.com/alfin-efendy/helper-go/logger/logger.go:185.3,188.13 3 19
github.com/alfin-efendy/helper-go/logger/logger.go:193.50,194.31 1 11
github.com/alfin-efendy/helper-go/logger/logger.go:194.31,197.3 2 11
github.com/alfin-efendy/helper-go/logger/logger.go:201.45,202.31 1 1
github.com/alfin-efendy/helper-go/logger/logger.go:202.31,204.51 1 1
github.com/alfin-efendy/helper-go/logger/logger.go:204.51,206.4 1 0
github.com/alfin-efendy/helper-go/logger/logger.go:209.3,210.17 2 1
github.com/alfin-efendy/helper-go/logger/logger.go:210.17,212.4 1 0
github.com/alfin-efendy/helper-go/logger/logger.go:213.3,214.13 2 1
github.com/alfin-efendy/helper-go/logger/logger.go:219.32,224.35 4 14
github.com/alfin-efendy/helper-go/logger/logger.go:224.35,225.40 1 11
github.com/alfin-efendy/helper-go/logger/logger.go:225.40,227.4 1 1
github.com/alfin-efendy/helper-go/logger/logger.go:230.2,230.19 1 14
github.com/alfin-efendy/helper-go/logger/logger.go:230.19,232.3 1 1
github.com/alfin-efendy/helper-go/logger/logger.go:233.2,233.12 1 13
github.com/alfin-efendy/helper-go/logger/logger.go:237.67,243.53 4 1030
github.com/alfin-efendy/helper-go/logger/logger.go:243.53,245.24 2 1030
github.com/alfin-efendy/helper-go/logger/logger.go:245.24,250.4 1 0
github.com/alfin-efendy/helper-go/logger/logger.go:253.2,253.49 1 1030
github.com/alfin-efendy/helper-go/logger/logger.go:253.49,261.3 2 30
github.com/alfin-efendy/helper-go/logger/logger.go:263.2,263.15 1 1000
github.com/alfin-efendy/helper-go/logger/logger.go:267.80,268.34 1 5
github.com/alfin-efendy/helper-go/logger/logger.go:268.34,270.3 1 2
github.com/alfin-efendy/helper-go/logger/logger.go:272.2,273.48 2 3
github.com/alfin-efendy/helper-go/logger/logger.go:277.79,278.33 1 1014
github.com/alfin-efendy/helper-go/logger/logger.go:278.33,280.3 1 1
github.com/alfin-efendy/helper-go/logger/logger.go:282.2,283.47 2 1013
github.com/alfin-efendy/helper-go/logger/logger.go:287.79,288.33 1 7
github.com/alfin-efendy/helper-go/logger/logger.go:288.33,290.3 1 1
github.com/alfin-efendy/helper-go/logger/logger.go:292.2,293.47 2 6
github.com/alfin-efendy/helper-go/logger/logger.go:297.91,298.34 1 8
github.com/alfin-efendy/helper-go/logger/logger.go:298.34,300.3 1 0
github.com/alfin-efendy/helper-go/logger/logger.go:302.2,304.16 3 8
github.com/alfin-efendy/helper-go/logger/logger.go:304.16,306.3 1 8
github.com/alfin-efendy/helper-go/logger/logger.go:307.2,307.40 1 8
github.com/alfin-efendy/helper-go/logger/logger.go:311.91,312.34 1 0
github.com/alfin-efendy/helper-go/logger/logger.go:312.34,314.3 1 0
github.com/alfin-efendy/helper-go/logger/logger.go:316.2,318.16 3 0
github.com/alfin-efendy/helper-go/logger/logger.go:318.16,320.3 1 0
github.com/alfin-efendy/helper-go/logger/logger.go:321.2,321.40 1 0
github.com/alfin-efendy/helper-go/logger/logger.go:325.89,327.38 1 1030
github.com/alfin-efendy/helper-go/logger/logger.go:327.38,328.24 1 3038
github.com/alfin-efendy/helper-go/logger/logger.go:328.24,330.10 2 3037
github.com/alfin-efendy/helper-go/logger/logger.go:330.10,332.5 1 3037
github.com/alfin-efendy/helper-go/logger/logger.go:336.2,336.16 1 1030
github.com/alfin-efendy/helper-go/logger/logger.go:340.68,346.27 5 1
github.com/alfin-efendy/helper-go/logger/logger.go:346.27,348.3 1 3
github.com/alfin-efendy/helper-go/logger/logger.go:350.2,357.18 2 1
github.com/alfin-efendy/helper-go/logger/logger.go:361.27,362.17 1 8
github.com/alfin-efendy/helper-go/logger/logger.go:362.17,364.17 2 3
github.com/alfin-efendy/helper-go/logger/logger.go:364.17,374.4 1 2
github.com/alfin-efendy/helper-go/logger/logger.go:375.3,375.25 1 3
github.com/alfin-efendy/helper-go/logger/logger.go:378.2,380.22 3 8
github.com/alfin-efendy/helper-go/logger/logger.go:384.33,388.26 3 0
github.com/alfin-efendy/helper-go/logger/logger.go:388.26,389.47 1 0
github.com/alfin-efendy/helper-go/logger/logger.go:389.47,393.4 1 0
github.com/alfin-efendy/helper-go/logger/logger.go:395.2,395.24 1 0
github.com/alfin-efendy/helper-go/logger/logger.go:401.68,403.2 1 1
github.com/alfin-efendy/helper-go/logger/logger.go:406.67,408.2 1 1
github.com/alfin-efendy/helper-go/logger/logger.go:411.67,413.2 1 0
github.com/alfin-efendy/helper-go/logger/logger.go:416.79,418.2 1 1
github.com/alfin-efendy/helper-go/logger/logger.go:421.79,423.2 1 0
github.com/alfin-efendy/helper-go/database/redis.go:36.40,49.2 1 3
github.com/alfin-efendy/helper-go/database/redis.go:52.51,53.16 1 10
github.com/alfin-efendy/helper-go/database/redis.go:53.16,55.3 1 1
github.com/alfin-efendy/helper-go/database/redis.go:57.2,57.23 1 9
github.com/alfin-efendy/helper-go/database/redis.go:57.23,59.3 1 1
github.com/alfin-efendy/helper-go/database/redis.go:61.2,61.52 1 8
github.com/alfin-efendy/helper-go/database/redis.go:61.52,63.3 1 2
github.com/alfin-efendy/helper-go/database/redis.go:65.2,65.28 1 6
github.com/alfin-efendy/helper-go/database/redis.go:65.28,66.27 1 4
github.com/alfin-efendy/helper-go/database/redis.go:66.27,68.4 1 1
github.com/alfin-efendy/helper-go/database/redis.go:69.3,69.36 1 3
github.com/alfin-efendy/helper-go/database/redis.go:69.36,71.4 1 1
github.com/alfin-efendy/helper-go/database/redis.go:74.2,74.12 1 4
github.com/alfin-efendy/helper-go/database/redis.go:77.43,79.34 2 0
github.com/alfin-efendy/helper-go/database/redis.go:79.34,82.3 2 0
github.com/alfin-efendy/helper-go/database/redis.go:85.2,85.67 1 0
github.com/alfin-efendy/helper-go/database/redis.go:85.67,88.3 2 0
github.com/alfin-efendy/helper-go/database/redis.go:90.2,90.22 1 0
github.com/alfin-efendy/helper-go/database/redis.go:90.22,94.37 3 0
github.com/alfin-efendy/helper-go/database/redis.go:95.17,96.35 1 0
github.com/alfin-efendy/helper-go/database/redis.go:97.19,98.37 1 0
github.com/alfin-efendy/helper-go/database/redis.go:99.11,100.82 1 0
github.com/alfin-efendy/helper-go/database/redis.go:103.3,103.17 1 0
github.com/alfin-efendy/helper-go/database/redis.go:103.17,106.4 2 0
github.com/alfin-efendy/helper-go/database/redis.go:109.3,109.58 1 0
github.com/alfin-efendy/helper-go/database/redis.go:109.58,111.51 2 0
github.com/alfin-efendy/helper-go/database/redis.go:111.51,113.5 1 0
github.com/alfin-efendy/helper-go/database/redis.go:114.4,114.10 1 0
github.com/alfin-efendy/helper-go/database/redis.go:117.3,121.62 4 0
github.com/alfin-efendy/helper-go/database/redis.go:124.2,124.12 1 0
github.com/alfin-efendy/helper-go/database/redis.go:128.75,131.16 2 0
github.com/alfin-efendy/helper-go/database/redis.go:131.16,133.3 1 0
github.com/alfin-efendy/helper-go/database/redis.go:135.2,135.20 1 0
github.com/alfin-efendy/helper-go/database/redis.go:135.20,137.3 1 0
github.com/alfin-efendy/helper-go/database/redis.go:140.2,145.16 4 0
github.com/alfin-efendy/helper-go/database/redis.go:145.16,147.3 1 0
github.com/alfin-efendy/helper-go/database/redis.go:150.2,151.16 2 0
github.com/alfin-efendy/helper-go/database/redis.go:151.16,153.3 1 0
github.com/alfin-efendy/helper-go/database/redis.go:155.2,155.22 1 0
github.com/alfin-efendy/helper-go/database/redis.go:155.22,157.3 1 0
github.com/alfin-efendy/helper-go/database/redis.go:160.2,162.12 2 0
github.com/alfin-efendy/helper-go/database/redis.go:166.95,167.32 1 3
github.com/alfin-efendy/helper-go/database/redis.go:168.22,171.34 2 2
github.com/alfin-efendy/helper-go/database/redis.go:171.34,173.4 1 1
github.com/alfin-efendy/helper-go/database/redis.go:174.3,174.34 1 2
github.com/alfin-efendy/helper-go/database/redis.go:174.34,176.4 1 1
github.com/alfin-efendy/helper-go/database/redis.go:177.3,177.28 1 2
github.com/alfin-efendy/helper-go/database/redis.go:177.28,179.4 1 1
github.com/alfin-efendy/helper-go/database/redis.go:181.30,184.34 2 1
github.com/alfin-efendy/helper-go/database/redis.go:184.34,186.4 1 1
github.com/alfin-efendy/helper-go/database/redis.go:187.3,187.34 1 1
github.com/alfin-efendy/helper-go/database/redis.go:187.34,189.4 1 1
github.com/alfin-efendy/helper-go/database/redis.go:190.3,190.28 1 1
github.com/alfin-efendy/helper-go/database/redis.go:190.28,192.4 1 1
github.com/alfin-efendy/helper-go/database/redis.go:197.99,213.35 13 2
github.com/alfin-efendy/helper-go/database/redis.go:213.35,215.3 1 0
github.com/alfin-efendy/helper-go/database/redis.go:216.2,216.40 1 2
github.com/alfin-efendy/helper-go/database/redis.go:216.40,218.3 1 1
github.com/alfin-efendy/helper-go/database/redis.go:219.2,219.40 1 2
github.com/alfin-efendy/helper-go/database/redis.go:219.40,221.3 1 1
github.com/alfin-efendy/helper-go/database/redis.go:222.2,222.36 1 2
github.com/alfin-efendy/helper-go/database/redis.go:222.36,224.3 1 1
github.com/alfin-efendy/helper-go/database/redis.go:225.2,225.36 1 2
github.com/alfin-efendy/helper-go/database/redis.go:225.36,227.3 1 1
github.com/alfin-efendy/helper-go/database/redis.go:228.2,228.37 1 2
github.com/alfin-efendy/helper-go/database/redis.go:228.37,230.3 1 1
github.com/alfin-efendy/helper-go/database/redis.go:231.2,231.33 1 2
github.com/alfin-efendy/helper-go/database/redis.go:231.33,233.3 1 0
github.com/alfin-efendy/helper-go/database/redis.go:234.2,234.33 1 2
github.com/alfin-efendy/helper-go/database/redis.go:234.33,236.3 1 1
github.com/alfin-efendy/helper-go/database/redis.go:237.2,237.36 1 2
github.com/alfin-efendy/helper-go/database/redis.go:237.36,239.3 1 0
github.com/alfin-efendy/helper-go/database/redis.go:240.2,240.37 1 2
github.com/alfin-efendy/helper-go/database/redis.go:240.37,242.3 1 0
github.com/alfin-efendy/helper-go/database/redis.go:243.2,243.37 1 2
github.com/alfin-efendy/helper-go/database/redis.go:243.37,245.3 1 0
github.com/alfin-efendy/helper-go/database/redis.go:249.106,265.35 13 1
github.com/alfin-efendy/helper-go/database/redis.go:265.35,267.3 1 0
github.com/alfin-efendy/helper-go/database/redis.go:268.2,268.40 1 1
github.com/alfin-efendy/helper-go/database/redis.go:268.40,270.3 1 0
github.com/alfin-efendy/helper-go/database/redis.go:271.2,271.40 1 1
github.com/alfin-efendy/helper-go/database/redis.go:271.40,273.3 1 0
github.com/alfin-efendy/helper-go/database/redis.go:274.2,274.36 1 1
github.com/alfin-efendy/helper-go/database/redis.go:274.36,276.3 1 0
github.com/alfin-efendy/helper-go/database/redis.go:277.2,277.36 1 1
github.com/alfin-efendy/helper-go/database/redis.go:277.36,279.3 1 0
github.com/alfin-efendy/helper-go/database/redis.go:280.2,280.37 1 1
github.com/alfin-efendy/helper-go/database/redis.go:280.37,282.3 1 0
github.com/alfin-efendy/helper-go/database/redis.go:283.2,283.33 1 1
github.com/alfin-efendy/helper-go/database/redis.go:283.33,285.3 1 0
github.com/alfin-efendy/helper-go/database/redis.go:286.2,286.33 1 1
github.com/alfin-efendy/helper-go/database/redis.go:286.33,288.3 1 0
github.com/alfin-efendy/helper-go/database/redis.go:289.2,289.36 1 1
github.com/alfin-efendy/helper-go/database/redis.go:289.36,291.3 1 0
github.com/alfin-efendy/helper-go/database/redis.go:292.2,292.37 1 1
github.com/alfin-efendy/helper-go/database/redis.go:292.37,294.3 1 0
github.com/alfin-efendy/helper-go/database/redis.go:295.2,295.37 1 1
github.com/alfin-efendy/helper-go/database/redis.go:295.37,297.3 1 0
github.com/alfin-efendy/helper-go/database/redis.go:300.2,300.39 1 1
github.com/alfin-efendy/helper-go/database/redis.go:300.39,302.3 1 1
github.com/alfin-efendy/helper-go/database/redis.go:303.2,303.38 1 1
github.com/alfin-efendy/helper-go/database/redis.go:303.38,305.3 1 0
github.com/alfin-efendy/helper-go/database/redis.go:306.2,306.36 1 1
github.com/alfin-efendy/helper-go/database/redis.go:306.36,308.3 1 0
github.com/alfin-efendy/helper-go/database/redis.go:309.2,309.48 1 1
github.com/alfin-efendy/helper-go/database/redis.go:309.48,311.3 1 0
github.com/alfin-efendy/helper-go/database/redis.go:314.58,327.2 6 0
github.com/alfin-efendy/helper-go/database/redis.go:329.60,343.2 6 0
github.com/alfin-efendy/helper-go/database/redis.go:346.37,350.2 3 5
github.com/alfin-efendy/helper-go/database/redis.go:353.49,355.19 2 1
github.com/alfin-efendy/helper-go/database/redis.go:355.19,357.3 1 1
github.com/alfin-efendy/helper-go/database/redis.go:359.2,360.19 2 0
github.com/alfin-efendy/helper-go/database/redis.go:364.25,368.24 3 4
github.com/alfin-efendy/helper-go/database/redis.go:368.24,372.3 3 0
github.com/alfin-efendy/helper-go/database/redis.go:373.2,373.12 1 4
github.com/alfin-efendy/helper-go/database/redis.go:377.39,379.19 2 1
github.com/alfin-efendy/helper-go/database/redis.go:379.19,381.3 1 1
github.com/alfin-efendy/helper-go/database/redis.go:382.2,382.27 1 0
github.com/alfin-efendy/helper-go/database/sql.go:48.41,50.21 2 3
github.com/alfin-efendy/helper-go/database/sql.go:50.21,54.3 3 1
github.com/alfin-efendy/helper-go/database/sql.go:57.2,57.52 1 2
github.com/alfin-efendy/helper-go/database/sql.go:57.52,60.3 2 1
github.com/alfin-efendy/helper-go/database/sql.go:63.2,64.66 2 1
github.com/alfin-efendy/helper-go/database/sql.go:64.66,66.3 1 1
github.com/alfin-efendy/helper-go/database/sql.go:68.2,82.33 3 1
github.com/alfin-efendy/helper-go/database/sql.go:82.33,83.74 1 1
github.com/alfin-efendy/helper-go/database/sql.go:83.74,85.4 1 1
github.com/alfin-efendy/helper-go/database/sql.go:89.2,109.16 3 1
github.com/alfin-efendy/helper-go/database/sql.go:109.16,112.3 2 1
github.com/alfin-efendy/helper-go/database/sql.go:115.2,116.16 2 0
github.com/alfin-efendy/helper-go/database/sql.go:116.16,119.3 2 0
github.com/alfin-efendy/helper-go/database/sql.go:122.2,123.29 2 0
github.com/alfin-efendy/helper-go/database/sql.go:123.29,125.3 1 0
github.com/alfin-efendy/helper-go/database/sql.go:126.2,126.29 1 0
github.com/alfin-efendy/helper-go/database/sql.go:126.29,128.3 1 0
github.com/alfin-efendy/helper-go/database/sql.go:129.2,129.33 1 0
github.com/alfin-efendy/helper-go/database/sql.go:129.33,131.3 1 0
github.com/alfin-efendy/helper-go/database/sql.go:133.2,139.49 5 0
github.com/alfin-efendy/helper-go/database/sql.go:139.49,142.3 2 0
github.com/alfin-efendy/helper-go/database/sql.go:145.2,161.12 9 0
github.com/alfin-efendy/helper-go/database/sql.go:164.30,168.2 3 11
github.com/alfin-efendy/helper-go/database/sql.go:171.28,175.2 3 4
github.com/alfin-efendy/helper-go/database/sql.go:178.36,182.22 3 3
github.com/alfin-efendy/helper-go/database/sql.go:182.22,184.3 1 3
github.com/alfin-efendy/helper-go/database/sql.go:186.2,187.16 2 0
github.com/alfin-efendy/helper-go/database/sql.go:187.16,189.3 1 0
github.com/alfin-efendy/helper-go/database/sql.go:191.2,196.24 5 0
github.com/alfin-efendy/helper-go/database/sql.go:200.49,205.19 4 1
github.com/alfin-efendy/helper-go/database/sql.go:205.19,207.3 1 1
github.com/alfin-efendy/helper-go/database/sql.go:209.2,210.16 2 0
github.com/alfin-efendy/helper-go/database/sql.go:210.16,212.3 1 0
github.com/alfin-efendy/helper-go/database/sql.go:214.2,214.33 1 0
github.com/alfin-efendy/helper-go/database/sql.go:218.23,222.22 3 12
github.com/alfin-efendy/helper-go/database/sql.go:222.22,224.3 1 12
github.com/alfin-efendy/helper-go/database/sql.go:226.2,227.16 2 0
github.com/alfin-efendy/helper-go/database/sql.go:227.16,229.3 1 0
github.com/alfin-efendy/helper-go/database/sql.go:231.2,231.38 1 0
github.com/alfin-efendy/helper-go/database/sql.go:231.38,233.3 1 0
github.com/alfin-efendy/helper-go/database/sql.go:235.2,239.12 4 0
github.com/alfin-efendy/helper-go/database/sql.go:243.50,244.19 1 12
github.com/alfin-efendy/helper-go/database/sql.go:244.19,246.3 1 1
github.com/alfin-efendy/helper-go/database/sql.go:247.2,247.23 1 11
github.com/alfin-efendy/helper-go/database/sql.go:247.23,249.3 1 3
github.com/alfin-efendy/helper-go/database/sql.go:250.2,250.45 1 8
github.com/alfin-efendy/helper-go/database/sql.go:250.45,252.3 1 2
github.com/alfin-efendy/helper-go/database/sql.go:253.2,253.27 1 6
github.com/alfin-efendy/helper-go/database/sql.go:253.27,255.3 1 1
github.com/alfin-efendy/helper-go/database/sql.go:256.2,256.27 1 5
github.com/alfin-efendy/helper-go/database/sql.go:256.27,258.3 1 1
github.com/alfin-efendy/helper-go/database/sql.go:259.2,259.27 1 4
github.com/alfin-efendy/helper-go/database/sql.go:259.27,261.3 1 1
github.com/alfin-efendy/helper-go/database/sql.go:262.2,262.12 1 3
github.com/alfin-efendy/helper-go/database/sql.go:266.61,273.51 4 0
github.com/alfin-efendy/helper-go/database/sql.go:273.51,275.3 1 0
github.com/alfin-efendy/helper-go/database/sql.go:278.2,283.12 5 0
